HR@orcl>select job_id, CASE job_id WHEN 'ST_CLERK' THEN 'E'
  2                                WHEN 'SA_REP;   THEN 'D'
  3                                WHEN 'IT_PROG'  THEN 'C'
  4                                WHEN 'ST_MAN'   THEN 'B'
  5                                WHEN 'AD_PRES'  THEN 'A'
  6                                ELSE '0' END GRADE
  7  FROM employees;
ERROR:
ORA-01756: quoted string not properly terminated 


HR@orcl>ed
Wrote file afiedt.buf

  1  select job_id, CASE job_id WHEN 'ST_CLERK' THEN 'E'
  2                                WHEN 'SA_REP'   THEN 'D'
  3                                WHEN 'IT_PROG'  THEN 'C'
  4                                WHEN 'ST_MAN'   THEN 'B'
  5                                WHEN 'AD_PRES'  THEN 'A'
  6                                ELSE '0' END GRADE
  7* FROM employees
HR@orcl>/

JOB_ID     G                                                                                                            
---------- -                                                                                                            
AC_ACCOUNT 0                                                                                                            
AC_MGR     0                                                                                                            
AD_ASST    0                                                                                                            
AD_PRES    A                                                                                                            
AD_VP      0                                                                                                            
AD_VP      0                                                                                                            
IT_PROG    C                                                                                                            
IT_PROG    C                                                                                                            
IT_PROG    C                                                                                                            
MK_MAN     0                                                                                                            
MK_REP     0                                                                                                            

JOB_ID     G                                                                                                            
---------- -                                                                                                            
SA_MAN     0                                                                                                            
SA_REP     D                                                                                                            
SA_REP     D                                                                                                            
SA_REP     D                                                                                                            
ST_CLERK   E                                                                                                            
ST_CLERK   E                                                                                                            
ST_CLERK   E                                                                                                            
ST_CLERK   E                                                                                                            
ST_MAN     B                                                                                                            

20 rows selected.

HR@orcl>spool off
